\BOOKMARK [0][-]{chapter.1}{\376\377\000s\000d\000-\000b\000o\000o\000t}{}% 1
\BOOKMARK [1][-]{section.1.1}{\376\377\000O\000v\000e\000r\000v\000i\000e\000w}{chapter.1}% 2
\BOOKMARK [2][-]{subsection.1.1.1}{\376\377\000D\000o\000c\000u\000m\000e\000n\000t\000a\000t\000i\000o\000n}{section.1.1}% 3
\BOOKMARK [2][-]{subsection.1.1.2}{\376\377\000C\000o\000d\000i\000n\000g\000\040\000S\000t\000a\000n\000d\000a\000r\000d\000s}{section.1.1}% 4
\BOOKMARK [1][-]{section.1.2}{\376\377\000Q\000u\000i\000c\000k\000\040\000S\000t\000a\000r\000t}{chapter.1}% 5
\BOOKMARK [2][-]{subsection.1.2.1}{\376\377\000k\000e\000r\000n\000e\000l\000-\000i\000n\000s\000t\000a\000l\000l}{section.1.2}% 6
\BOOKMARK [2][-]{subsection.1.2.2}{\376\377\000s\000d\000-\000b\000o\000o\000t}{section.1.2}% 7
\BOOKMARK [2][-]{subsection.1.2.3}{\376\377\000d\000r\000a\000c\000u\000t}{section.1.2}% 8
\BOOKMARK [0][-]{chapter.2}{\376\377\000C\000o\000n\000f\000i\000g\000u\000r\000a\000t\000i\000o\000n}{}% 9
\BOOKMARK [1][-]{section.2.1}{\376\377\000G\000e\000t\000t\000i\000n\000g\000\040\000S\000t\000a\000r\000t\000e\000d}{chapter.2}% 10
\BOOKMARK [1][-]{section.2.2}{\376\377\000C\000o\000m\000m\000a\000n\000d\000\040\000L\000i\000n\000e\000\040\000T\000o\000o\000l\000s}{chapter.2}% 11
\BOOKMARK [0][-]{chapter.3}{\376\377\000I\000n\000s\000t\000a\000l\000l\000i\000n\000g\000\040\000A\000r\000c\000h\000\040\000K\000e\000r\000n\000e\000l\000s\000\040\000W\000i\000t\000h\000\040\000s\000d\000-\000b\000o\000o\000t}{}% 12
\BOOKMARK [0][-]{chapter.4}{\376\377\000B\000o\000o\000t\000\040\000L\000o\000a\000d\000e\000r\000\040\000E\000n\000t\000r\000i\000e\000s}{}% 13
\BOOKMARK [0][-]{chapter.5}{\376\377\000L\000a\000y\000o\000u\000t\000:\000\040\000B\000L\000S\000\040\000v\000s\000\040\000U\000K\000I}{}% 14
\BOOKMARK [0][-]{chapter.6}{\376\377\000S\000i\000g\000n\000i\000n\000g\000\040\000K\000e\000r\000n\000e\000l\000s\000\040\000\046\000\040\000S\000e\000c\000u\000r\000e\000\040\000B\000o\000o\000t}{}% 15
\BOOKMARK [1][-]{section.6.1}{\376\377\000S\000i\000g\000n\000i\000n\000g\000\040\000K\000e\000r\000n\000e\000l}{chapter.6}% 16
\BOOKMARK [1][-]{section.6.2}{\376\377\000S\000i\000g\000n\000i\000n\000g\000\040\000B\000L\000S\000\040\000v\000s\000\040\000U\000K\000I}{chapter.6}% 17
\BOOKMARK [1][-]{section.6.3}{\376\377\000S\000e\000c\000u\000r\000e\000\040\000B\000o\000o\000t}{chapter.6}% 18
\BOOKMARK [0][-]{chapter.7}{\376\377\000D\000r\000a\000c\000u\000t\000\040\000o\000p\000t\000i\000o\000n\000s}{}% 19
\BOOKMARK [0][-]{chapter.8}{\376\377\000E\000f\000i\000\040\000F\000i\000l\000e\000s\000y\000s\000t\000e\000m\000\040\000D\000r\000i\000v\000e\000r\000s}{}% 20
\BOOKMARK [0][-]{chapter.9}{\376\377\000S\000k\000i\000p\000p\000i\000n\000g\000\040\000K\000e\000r\000n\000e\000l\000\040\000P\000l\000u\000g\000i\000n\000s}{}% 21
\BOOKMARK [0][-]{chapter.10}{\376\377\000B\000o\000o\000t\000a\000b\000l\000e\000\040\000e\000f\000i\000\040\000t\000o\000o\000l\000s}{}% 22
\BOOKMARK [1][-]{section.10.1}{\376\377\000A\000\040\000n\000o\000t\000e\000\040\000o\000n\000\040\000m\000e\000m\000t\000e\000s\000t\0008\0006\000\040\000p\000l\000u\000s}{chapter.10}% 23
\BOOKMARK [0][-]{chapter.11}{\376\377\000D\000e\000v\000e\000l\000o\000p\000m\000e\000n\000t}{}% 24
\BOOKMARK [1][-]{section.11.1}{\376\377\000C\000-\000C\000o\000d\000e\000\040\000L\000a\000n\000g\000u\000a\000g\000e\000\040\000C\000h\000o\000i\000c\000e}{chapter.11}% 25
\BOOKMARK [1][-]{section.11.2}{\376\377\000T\000e\000s\000t\000i\000n\000g\000\040\000C\000-\000C\000o\000d\000e}{chapter.11}% 26
\BOOKMARK [1][-]{section.11.3}{\376\377\000D\000e\000v\000e\000l\000o\000p\000m\000e\000n\000t\000\040\000a\000n\000d\000\040\000D\000e\000b\000u\000g\000g\000i\000n\000g}{chapter.11}% 27
\BOOKMARK [0][-]{chapter.12}{\376\377\000A\000p\000p\000e\000n\000d\000i\000x}{}% 28
\BOOKMARK [1][-]{section.12.1}{\376\377\000P\000o\000t\000e\000n\000t\000i\000a\000l\000\040\000T\000o\000d\000o\000\040\000I\000t\000e\000m\000s}{chapter.12}% 29
\BOOKMARK [0][-]{chapter.13}{\376\377\000M\000a\000n\000\040\000P\000a\000g\000e\000s}{}% 30
\BOOKMARK [1][-]{section.13.1}{\376\377\000s\000d\000-\000b\000o\000o\000t\000-\000e\000f\000i\000f\000s\000-\000u\000p\000d\000a\000t\000e}{chapter.13}% 31
\BOOKMARK [2][-]{subsection.13.1.1}{\376\377\000I\000n\000s\000t\000a\000l\000l\000\040\000o\000r\000\040\000r\000e\000m\000o\000v\000e\000\040\000e\000f\000i\000\040\000f\000i\000l\000e\000s\000y\000s\000t\000e\000m\000\040\000d\000r\000i\000v\000e\000r\000s\000\040\000t\000o\000\040\000E\000S\000P}{section.13.1}% 32
\BOOKMARK [3][-]{subsubsection*.3}{\376\377\000S\000Y\000N\000O\000P\000S\000I\000S}{subsection.13.1.1}% 33
\BOOKMARK [3][-]{subsubsection*.4}{\376\377\000D\000E\000S\000C\000R\000I\000P\000T\000I\000O\000N}{subsection.13.1.1}% 34
\BOOKMARK [3][-]{subsubsection*.5}{\376\377\000A\000R\000G\000U\000M\000E\000N\000T\000S}{subsection.13.1.1}% 35
\BOOKMARK [3][-]{subsubsection*.6}{\376\377\000F\000I\000L\000E\000S}{subsection.13.1.1}% 36
\BOOKMARK [3][-]{subsubsection*.7}{\376\377\000E\000X\000A\000M\000P\000L\000E\000S}{subsection.13.1.1}% 37
\BOOKMARK [3][-]{subsubsection*.8}{\376\377\000S\000E\000E\000\040\000A\000L\000S\000O}{subsection.13.1.1}% 38
\BOOKMARK [1][-]{section.13.2}{\376\377\000s\000d\000-\000b\000o\000o\000t\000-\000e\000f\000i\000-\000t\000o\000o\000l\000-\000u\000p\000d\000a\000t\000e}{chapter.13}% 39
\BOOKMARK [2][-]{subsection.13.2.1}{\376\377\000I\000n\000s\000t\000a\000l\000l\000\040\000o\000r\000\040\000r\000e\000m\000o\000v\000e\000\040\000a\000n\000\040\000e\000f\000i\000\040\000t\000o\000o\000l\000\040\000t\000o\000\040\000\044\000B\000O\000O\000T}{section.13.2}% 40
\BOOKMARK [3][-]{subsubsection*.9}{\376\377\000S\000Y\000N\000O\000P\000S\000I\000S}{subsection.13.2.1}% 41
\BOOKMARK [3][-]{subsubsection*.10}{\376\377\000D\000E\000S\000C\000R\000I\000P\000T\000I\000O\000N}{subsection.13.2.1}% 42
\BOOKMARK [3][-]{subsubsection*.11}{\376\377\000A\000R\000G\000U\000M\000E\000N\000T\000S}{subsection.13.2.1}% 43
\BOOKMARK [3][-]{subsubsection*.12}{\376\377\000F\000I\000L\000E\000S}{subsection.13.2.1}% 44
\BOOKMARK [3][-]{subsubsection*.13}{\376\377\000E\000X\000A\000M\000P\000L\000E\000S}{subsection.13.2.1}% 45
\BOOKMARK [1][-]{section.13.3}{\376\377\000s\000d\000-\000b\000o\000o\000t\000-\000f\000i\000n\000d\000-\000b\000o\000o\000t\000-\000m\000o\000u\000n\000t\000s}{chapter.13}% 46
\BOOKMARK [2][-]{subsection.13.3.1}{\376\377\000D\000i\000s\000p\000l\000a\000y\000\040\000E\000S\000P\000\040\000a\000n\000d\000\040\000X\000B\000O\000O\000T\000L\000D\000R\000\040\000p\000a\000r\000t\000i\000t\000i\000o\000n\000\040\000m\000o\000u\000n\000t\000\040\000p\000o\000i\000n\000t\000s}{section.13.3}% 47
\BOOKMARK [3][-]{subsubsection*.14}{\376\377\000S\000Y\000N\000O\000P\000S\000I\000S}{subsection.13.3.1}% 48
\BOOKMARK [3][-]{subsubsection*.15}{\376\377\000D\000E\000S\000C\000R\000I\000P\000T\000I\000O\000N}{subsection.13.3.1}% 49
\BOOKMARK [3][-]{subsubsection*.16}{\376\377\000A\000R\000G\000U\000M\000E\000N\000T\000S}{subsection.13.3.1}% 50
\BOOKMARK [3][-]{subsubsection*.17}{\376\377\000E\000X\000A\000M\000P\000L\000E\000S}{subsection.13.3.1}% 51
\BOOKMARK [3][-]{subsubsection*.18}{\376\377\000Q\000U\000I\000R\000K\000Y\000\040\000E\000S\000P\000\040\000I\000N\000\040\000N\000V\000R\000A\000M}{subsection.13.3.1}% 52
\BOOKMARK [3][-]{subsubsection*.19}{\376\377\000S\000E\000E\000\040\000A\000L\000S\000O}{subsection.13.3.1}% 53
\BOOKMARK [1][-]{section.13.4}{\376\377\000s\000d\000-\000b\000o\000o\000t\000-\000k\000e\000r\000n\000e\000l\000-\000u\000p\000d\000a\000t\000e}{chapter.13}% 54
\BOOKMARK [2][-]{subsection.13.4.1}{\376\377\000I\000n\000s\000t\000a\000l\000l\000\040\000\050\000o\000r\000\040\000r\000e\000m\000o\000v\000e\000\051\000\040\000a\000\040\000k\000e\000r\000n\000e\000l\000\040\000t\000o\000\040\000\050\000o\000r\000\040\000f\000r\000o\000m\000\051\000\040\000b\000o\000o\000t\000\040\000p\000a\000r\000t\000i\000t\000i\000o\000n}{section.13.4}% 55
\BOOKMARK [3][-]{subsubsection*.20}{\376\377\000S\000Y\000N\000O\000P\000S\000I\000S}{subsection.13.4.1}% 56
\BOOKMARK [3][-]{subsubsection*.21}{\376\377\000D\000E\000S\000C\000R\000I\000P\000T\000I\000O\000N}{subsection.13.4.1}% 57
\BOOKMARK [3][-]{subsubsection*.22}{\376\377\000A\000R\000G\000U\000M\000E\000N\000T\000S}{subsection.13.4.1}% 58
\BOOKMARK [3][-]{subsubsection*.23}{\376\377\000F\000I\000L\000E\000S}{subsection.13.4.1}% 59
\BOOKMARK [3][-]{subsubsection*.24}{\376\377\000E\000X\000A\000M\000P\000L\000E\000S}{subsection.13.4.1}% 60
